2,2,2,2,2,1.9999,1.9999,1.9998,1.9997,1.9996,1.9994,1.9992,1.999,1.9986,1.9982,1.9977,1.9971,1.9963,1.9953,1.994,1.9925,1.9907,1.9883,1.9855,1.982,1.9778,1.9729,1.9676,1.9618,1.9554,1.9486,1.9411,1.9332,1.9246,1.9155,1.9057,1.8953,1.8843,1.8726,1.8602,1.847,1.8331,1.8183,1.8027,1.7862,1.7687,1.7502,1.7305,1.7097,1.6875,1.664,1.6389,1.6122,1.5835,1.5528,1.5196,1.4839,1.445,1.4025,1.356,1.3046,1.2476,1.1847,1.1167,1.1168,1.1171,1.1176,1.1183,1.1192,1.1202,1.1213,1.1227,1.1227
